a=1

[section1]
  c=1

[section1.a]
  b=1
  c=1

[section1.b]
  c=1

[section2]
  a=1
  b=2
